
Running K_mean...
Silhouette Score: 0.4599
Cluster Centroids:
[[ 1.13597027  0.08842168  0.99615451  1.01752612]
 [-1.01457897  0.85326268 -1.30498732 -1.25489349]
 [-0.05021989 -0.88337647  0.34773781  0.2815273 ]]

Running Hierarchical_method...
Best Fitness (Silhouette Coefficient): 0.4467

Running DBSCAN...
Number of Noise Points: 1
Silhouette Score: 0.5046

Running Gravitational Search Algorithm...
Best Fitness (Silhouette Coefficient): 0.11129092990861769
Cluster Centers:
 [[-0.7795133  -0.82256978  0.08070915  0.26414192]
 [-0.05250608 -0.82256978  0.76275827  0.92230284]
 [ 0.4321654  -0.36217625  0.30805885  0.13250973]]

Running Hybrid GSA + Simulated Annealing...
Iteration 1/10, Best Fitness: 0.40009702671503944
Iteration 2/10, Best Fitness: 0.40796153796329776
Iteration 3/10, Best Fitness: 0.5475376723190185
Iteration 4/10, Best Fitness: 0.5475376723190185
Iteration 5/10, Best Fitness: 0.5475376723190185
Iteration 6/10, Best Fitness: 0.5475376723190185
Iteration 7/10, Best Fitness: 0.5475376723190185
Iteration 8/10, Best Fitness: 0.5475376723190185
Iteration 9/10, Best Fitness: 0.5475376723190185
Iteration 10/10, Best Fitness: 0.5475376723190185
Best Fitness (Silhouette Coefficient): 0.5475376723190185
Cluster Centers:
 [[0.49386037 0.59897207 0.03448729 0.61268433]
 [0.4542096  0.7686463  0.23000711 0.3588521 ]
 [0.58344033 0.41817144 0.19881269 0.56104166]]

Running Hybrid GSA + SA + Age Diversity...
Best Fitness (Silhouette Coefficient): 0.4057937931283336
Cluster Centers:
 [[0.5632414  0.6000508  0.27410838 0.22327014]
 [0.68720192 0.00950181 0.44845032 0.64046588]
 [0.78507699 0.070551   0.55247841 0.83975332]
 [0.65207889 0.28354251 0.0746238  0.9515027 ]
 [0.44683089 0.86333899 0.37343124 0.52874219]]

Running Hybrid GSA + SA + Elite Agents...
Best Fitness (Silhouette Coefficient): 0.3281060898345587
Cluster Centers:
 [[ 0.38489891 -0.05733484  0.39410369  0.42029736]
 [ 0.22561492  0.54847084  0.94075179  0.23103152]
 [ 0.73788682  0.58610712  0.33704712  0.59074553]
 [ 0.14380182  0.45860921  0.98070709  0.75832088]
 [ 0.15227774  0.35813858  0.35620396  0.07622696]]

Running GSA with Elite Agents...
Best Fitness (Silhouette Coefficient): 0.3112435759813228
Cluster Centers:
 [[0.33649179 0.72056153 0.30516548 0.70371069]
 [0.34780008 0.54124725 0.31416613 0.53126535]
 [0.14288943 0.48163863 0.24781231 0.08589758]
 [0.63361292 0.37573978 0.15551895 0.01054227]
 [0.13035427 0.11751875 0.3619521  0.5400819 ]]

Running GSA with Distance Weighted Masses...
Best Fitness (Silhouette Coefficient): 0.33328422896724985
Cluster Centers:
 [[ 0.71335441 -0.04924725  0.54784901  0.700995  ]
 [ 0.52657038 -0.00751874  0.67829612  0.34960941]
 [ 0.23492369  0.39098135  0.56289908  0.98570808]
 [ 0.67409792  0.59100072  0.44532394  0.89773141]
 [ 0.56138197  0.80503625 -0.11487651  0.17015968]]
